updates-simple/final/env.ini
updates-simple/final/session
updates-simple/final/env.ini
updates-simple/start/env.ini
updates-simple/starter/env.ini
updates-simple/starter/session
updates-simple/final/session
updates-simple/final/bot.session
updates-simple/starter/bot.session
updates-simple/final/session/myapp.session
updates-simple/starter/session/myapp.session
dedicated-handler/start/session/myapp.session
dedicated-handler/start/env.ini
dedicated-handler/final/session/myapp.session
dedicated-handler/final/env.ini
dedicated-handler/start/bot.session
dedicated-handler/final/bot.session
db-support/final/session/myapp.session
db-support/final/env.ini
state-management/db-state/start/env.ini
state-management/db-state/final/env.ini
state-management/db-state/final/session/myapp.session
state-management/db-state/start/session/myapp.session
state-management/redis-state/start/session/myapp.session
state-management/redis-state/final/session/myapp.session
state-management/redis-state/final/env.ini
state-management/redis-state/start/env.ini
state-management/in-app/start/env.ini
state-management/in-app/final/env.ini
state-management/in-app/start/session/myapp.session
state-management/in-app/final/session/myapp.session
keyboards/replymarkupkeyboard/start/session
keyboards/replymarkupkeyboard/final/session
keyboards/replymarkupkeyboard/final/env.ini
keyboards/replymarkupkeyboard/start/env.ini
keyboards/inline-kb-links/start/env.ini
keyboards/inline-kb-links/final/env.ini
keyboards/inline-kb-links/start/session
keyboards/inline-kb-links/final/session
keyboards/inline-kb-query/start/session
keyboards/inline-kb-query/final/session
keyboards/inline-kb-query/start/env.ini
keyboards/inline-kb-query/final/env.ini
keyboards/inline-kb-query/final/session/myapp.session
keyboards/inline-kb-query/start/session/myapp.session
keyboards/replymarkupkeyboard/start/session/myapp.session
keyboards/replymarkupkeyboard/final/session/myapp.session
keyboards/inline-kb-links/start/session/myapp.session
keyboards/inline-kb-links/final/session/myapp.session
media-ops/send-media/start/session/myapp.session
media-ops/send-media/start/final/myapp.session
media-ops/send-media/final/session/myapp.session
media-ops/send-media/start/env.ini
media-ops/send-media/final/env.ini
media-ops/download-media/start/env.ini
media-ops/download-media/final/env.ini
media-ops/download-media/start/session/myapp.session
media-ops/download-media/final/session/myapp.session
media-ops/media-progress/start/env.ini
media-ops/media-progress/final/env.ini
media-ops/media-progress/start/session/myapp.session
media-ops/media-progress/final/session/myapp.session
